// Jest Snapshot v1, https://goo.gl/fbAQLP

exports[`TasksList Should reender TasksList correctly 1`] = `undefined`;
